# serializer version: 1
# name: test_render_iv_spike_snapshot
  '''
  *IV Spike* — *AAPL* \(2026\-05\-04\)
  
  ATM IV 28\.0% → 36\.0% \(*\+28\.6%*\) \| close 172\.40
  '''
# ---
# name: test_render_morning_digest_snapshot
  '''
  *Morning Digest* — 2026\-05\-02
  
  *Macro* — VIX 14\.2 \| term 0\.92 \| SPY above 200EMA
  
  *Screener hits* \(1\)
  • *AAPL* — Conservative Wheel \| close 172\.40 \| RSI 32 \| IVp 67 \| score 0\.81 \| earnings in 38d
  
  *Earnings today*
  • MSFT \(AMC\)
  '''
# ---
# name: test_render_position_management_snapshot
  '''
  *Position Alert* — *AAPL*
  
  ≥50% profit captured \(52% of max\) — consider closing\.
  '''
# ---
# name: test_render_setup_triggered_snapshot
  '''
  *Setup Triggered* — *AAPL* \(2026\-05\-04\)
  
  Conservative Wheel \| close 172\.40 \| RSI 32 \| IVp 67 \| score 0\.81
  '''
# ---
